// Vitest Snapshot v1, https://vitest.dev/guide/snapshot.html

exports[`createEdgeFromConnection > should use default handles if sourceHandle or targetHandle is missing 1`] = `
{
  "edge-1": {
    "id": "edge-1",
    "source": "node-1",
    "sourceHandle": "output",
    "target": "node-2",
    "targetHandle": "input",
  },
  "node-1@@$$node-2@@": {
    "id": "node-1@@$$node-2@@",
    "source": "node-1",
    "sourceHandle": null,
    "target": "node-2",
    "targetHandle": null,
  },
}
`;
